 General Geometry - Free Format                                                 
  
                          U :            4.000000
                       t_up :            1.000000
                       t_dn :            1.000000
                      mu_up :            0.000000
                      mu_dn :            0.000000
             Time slice - L :           40
            Number of sites :            8
                       dtau :            0.100000
                       beta :            4.000000
     Number of warmup sweep :         1000
Number of measurement sweep :        10000
   Frequency of measurement :            1
                Random seed :      1115400
 Frequency of recomputing G :           15
Global move number of sites :            2
               Accept count :      1763203
               Reject count :      1671456
    Approximate accept rate :            0.513356
                      gamma :            0.289062
   Global move accept count :         4673
   Global move reject count :        17327
    Global move accept rate :            0.212409
           Type of matrix B : Checkerboard
         Type of matrix HSF : discrete
 Sign of equal time measurements:
                   Avg sign :   0.10000000E+01 +-  0.00000000E+00
                Avg up sign :   0.99480000E+00 +-  0.27276363E-02
                Avg dn sign :   0.99480000E+00 +-  0.27276363E-02
============================================================================
 Equal time measurements:
          Up spin occupancy :   0.49977930E+00 +-  0.15680395E-02
        Down spin occupancy :   0.50022070E+00 +-  0.15680395E-02
             <U*N_up*N_dn>  :   0.37752288E+00 +-  0.21674186E-02
             Kinetic energy :  -0.20000000E+01 +-  0.00000000E+00
               Total energy :  -0.62247712E+00 +-  0.21674186E-02
                    Density :   0.10000000E+01 +-  0.00000000E+00
                Chi_thermal :  -0.12800042E+03 +-  0.74898751E-02
              Specific heat :   0.30722136E+03 +-  0.16508743E+01
  XX Ferro structure factor :   0.20708252E+01 +-  0.38951412E-01
  ZZ Ferro structure factor :   0.18701876E+00 +-  0.47819346E-02
           Potential energy :  -0.62247712E+00 +-  0.21674186E-02
             Hopping energy :  -0.86050416E-19 +-  0.11124832E-18
           Double occupancy :   0.94380721E-01 +-  0.54185466E-03
      Magnetization squared :   0.20280964E+00 +-  0.27092733E-03
     XX AF structure factor :   0.20708252E+01 +-  0.38951412E-01
  Root Mean Square of XX AF :   0.40530244E+01 +-  0.53495399E+00
     ZZ AF structure factor :   0.18701876E+00 +-  0.47819346E-02
  Root Mean Square of ZZ AF :   0.32143383E+00 +-  0.70756156E-02
============================================================================
 Mean Equal time Green's function:
    0    0    0.0000    0.0000    0.0000   008   0.50000000E+00 +-  0.00000000E+00
    0    0    1.0000    0.0000    0.0000   016  -0.14876313E-19 +-  0.28878314E-19
    0    0    2.0000    0.0000    0.0000   016  -0.92010902E-19 +-  0.29913534E-19
    0    0    3.0000    0.0000    0.0000   016  -0.21349211E-19 +-  0.50012292E-19
    0    0    4.0000    0.0000    0.0000   008   0.49271314E-19 +-  0.26981288E-19
============================================================================
 Up Equal time Green's function:
    0    0    0.0000    0.0000    0.0000   008   0.50022070E+00 +-  0.15680395E-02
    0    0    1.0000    0.0000    0.0000   016  -0.23086632E+00 +-  0.87660369E-03
    0    0    2.0000    0.0000    0.0000   016  -0.22946005E-03 +-  0.13579675E-02
    0    0    3.0000    0.0000    0.0000   016   0.27318784E-01 +-  0.18463335E-03
    0    0    4.0000    0.0000    0.0000   008  -0.25235661E-03 +-  0.82245032E-03
============================================================================
 Down Equal time Green's function:
    0    0    0.0000    0.0000    0.0000   008   0.49977930E+00 +-  0.15680395E-02
    0    0    1.0000    0.0000    0.0000   016   0.23086632E+00 +-  0.87660369E-03
    0    0    2.0000    0.0000    0.0000   016   0.22946005E-03 +-  0.13579675E-02
    0    0    3.0000    0.0000    0.0000   016  -0.27318784E-01 +-  0.18463335E-03
    0    0    4.0000    0.0000    0.0000   008   0.25235661E-03 +-  0.82245032E-03
============================================================================
 Density-density correlation fn: (up-up)
    0    0    0.0000    0.0000    0.0000   008   0.50000000E+00 +-  0.00000000E+00
    0    0    1.0000    0.0000    0.0000   016   0.13553937E+00 +-  0.13321001E-02
    0    0    2.0000    0.0000    0.0000   016   0.27577236E+00 +-  0.18085602E-02
    0    0    3.0000    0.0000    0.0000   016   0.23115196E+00 +-  0.15211939E-02
    0    0    4.0000    0.0000    0.0000   008   0.26408478E+00 +-  0.15351765E-02
============================================================================
 Density-density correlation fn: (up-dn)
    0    0    0.0000    0.0000    0.0000   008   0.94380721E-01 +-  0.54185466E-03
    0    0    1.0000    0.0000    0.0000   016   0.32516460E+00 +-  0.15225319E-02
    0    0    2.0000    0.0000    0.0000   016   0.22004285E+00 +-  0.17637795E-02
    0    0    3.0000    0.0000    0.0000   016   0.26775265E+00 +-  0.15087341E-02
    0    0    4.0000    0.0000    0.0000   008   0.23520187E+00 +-  0.15402046E-02
============================================================================
 XX Spin correlation function:
    0    0    0.0000    0.0000    0.0000   008   0.81123856E+00 +-  0.10837093E-02
    0    0    1.0000    0.0000    0.0000   016   0.38908206E+00 +-  0.63427494E-02
    0    0    2.0000    0.0000    0.0000   016   0.12828276E+00 +-  0.96265023E-02
    0    0    3.0000    0.0000    0.0000   016   0.78591292E-01 +-  0.93153834E-02
    0    0    4.0000    0.0000    0.0000   008   0.67674449E-01 +-  0.11668681E-01
============================================================================
 ZZ Spin correlation function:
    0    0    0.0000    0.0000    0.0000   008   0.81123856E+00 +-  0.10837093E-02
    0    0    1.0000    0.0000    0.0000   016  -0.37925046E+00 +-  0.57049987E-02
    0    0    2.0000    0.0000    0.0000   016   0.11145903E+00 +-  0.71444532E-02
    0    0    3.0000    0.0000    0.0000   016  -0.73201386E-01 +-  0.60598504E-02
    0    0    4.0000    0.0000    0.0000   008   0.57765819E-01 +-  0.61504388E-02
============================================================================
 Average Spin correlation function:
    0    0    0.0000    0.0000    0.0000   008   0.81123856E+00 +-  0.10837093E-02
    0    0    1.0000    0.0000    0.0000   016   0.13297122E+00 +-  0.58729139E-02
    0    0    2.0000    0.0000    0.0000   016   0.12267485E+00 +-  0.60789176E-02
    0    0    3.0000    0.0000    0.0000   016   0.27993733E-01 +-  0.64450029E-02
    0    0    4.0000    0.0000    0.0000   008   0.64371572E-01 +-  0.63922974E-02
============================================================================
 Pairing correlation function:
    0    0    0.0000    0.0000    0.0000   008   0.47190360E-01 +-  0.27092733E-03
    0    0    1.0000    0.0000    0.0000   016  -0.19648018E-01 +-  0.11004013E-03
    0    0    2.0000    0.0000    0.0000   016  -0.20923962E-02 +-  0.26521534E-04
    0    0    3.0000    0.0000    0.0000   016  -0.54769641E-03 +-  0.65681012E-05
    0    0    4.0000    0.0000    0.0000   008  -0.35667333E-03 +-  0.15967012E-04
============================================================================
 Grid for Green's function
  K-points
  Class
    1         0.00000
 
    2        -0.78540
              0.78540
 
    3        -1.57080
              1.57080
 
    4        -2.35619
              2.35619
 
    5        -3.14159
 
============================================================================
 Grid for spin/charge correlations
  K-points
  Class
    1         0.00000
 
    2        -0.78540
              0.78540
 
    3        -1.57080
              1.57080
 
    4        -2.35619
              2.35619
 
    5        -3.14159
 
============================================================================
 FT of Ave Equal t Green's function:
    1    0    0                 0.50000000E+00 +-  0.00000000E+00
    2    0    0                 0.50000000E+00 +-  0.00000000E+00
    3    0    0                 0.50000000E+00 +-  0.00000000E+00
    4    0    0                 0.50000000E+00 +-  0.00000000E+00
    5    0    0                 0.50000000E+00 +-  0.00000000E+00
============================================================================
 FT of Up Equal t Green's function:
    1    0    0                 0.92414345E-01 +-  0.20347454E-02
    2    0    0                 0.13534418E+00 +-  0.16000156E-02
    3    0    0                 0.50042727E+00 +-  0.49331106E-02
    4    0    0                 0.86560194E+00 +-  0.15999580E-02
    5    0    0                 0.90660450E+00 +-  0.20918377E-02
============================================================================
 FT of Dn Equal t Green's function:
    1    0    0                 0.90758566E+00 +-  0.20347454E-02
    2    0    0                 0.86465582E+00 +-  0.16000156E-02
    3    0    0                 0.49957273E+00 +-  0.49331106E-02
    4    0    0                 0.13439806E+00 +-  0.15999580E-02
    5    0    0                 0.93395495E-01 +-  0.20918377E-02
============================================================================
 FT of Density-density correlation fn: (up-up)
    1    0    0                 0.20490122E+01 +-  0.12275934E-02
    2    0    0                 0.10069860E+00 +-  0.10695871E-02
    3    0    0                 0.21254006E+00 +-  0.24473652E-02
    4    0    0                 0.37113184E+00 +-  0.21146241E-02
    5    0    0                 0.58224686E+00 +-  0.10577677E-01
============================================================================
 FT of Density-density correlation fn: (up-dn)
    1    0    0                 0.19555028E+01 +-  0.11636377E-02
    2    0    0                -0.59628398E-01 +-  0.95890224E-03
    3    0    0                -0.11050310E+00 +-  0.18555139E-02
    4    0    0                -0.22201390E+00 +-  0.18563294E-02
    5    0    0                -0.41616621E+00 +-  0.11297817E-01
============================================================================
 FT of XX spin correlation fn:
    1    0    0                 0.20708252E+01 +-  0.38951412E-01
    2    0    0                 0.11826644E+01 +-  0.15151776E-01
    3    0    0                 0.62234748E+00 +-  0.12056909E-01
    4    0    0                 0.30446385E+00 +-  0.23871246E-01
    5    0    0                 0.20013183E+00 +-  0.34737681E-01
============================================================================
 FT of ZZ spin correlation fn:
    1    0    0                 0.18701876E+00 +-  0.47819346E-02
    2    0    0                 0.32065399E+00 +-  0.40427156E-02
    3    0    0                 0.64608631E+00 +-  0.85862005E-02
    4    0    0                 0.11862915E+01 +-  0.77731603E-02
    5    0    0                 0.19968261E+01 +-  0.43739764E-01
============================================================================
 FT of Average spin correlation fn:
    1    0    0                 0.14428897E+01 +-  0.27284132E-01
    2    0    0                 0.89532758E+00 +-  0.98908827E-02
    3    0    0                 0.63026042E+00 +-  0.84374218E-02
    4    0    0                 0.59840640E+00 +-  0.13842548E-01
    5    0    0                 0.79902993E+00 +-  0.26044393E-01
============================================================================
 FT of Pairing correlation fn:
    1    0    0                 0.22574658E-02 +-  0.36579200E-04
    2    0    0                 0.20535100E-01 +-  0.10140631E-03
    3    0    0                 0.51018479E-01 +-  0.32952499E-03
    4    0    0                 0.74558967E-01 +-  0.42710741E-03
    5    0    0                 0.83040323E-01 +-  0.43705706E-03
============================================================================
 Pair-field correlation function - accumulated:
s-wave                                           0.45149315E-02 +-  0.73158399E-04
============================================================================
